// Jest Snapshot v1, https://goo.gl/fbAQLP

exports[`Component: StatsBlock should show stat block editor 1`] = `
<table
  className="nice-table condensed bordered"
>
  <thead>
    <tr>
      <th>
        Statistic
      </th>
      <th>
        Base
      </th>
      <th>
        Bonus
      </th>
      <th>
        Final
      </th>
      <th>
        Modifier
      </th>
    </tr>
  </thead>
  <tbody>
    <tr
      className="text-align-center"
    >
      <th>
        strength
      </th>
      <td>
        <div
          className="nice-dropdown nice-form-control"
        >
          <button
            className="nice-btn"
            onClick={[Function]}
          >
            12
            <i
              className="icon fa-angle-down"
            />
          </button>
          <ul
            className="dropdown-menu"
            onClick={[Function]}
          >
            <li
              className="heading"
            >
              <span>
                strength
              </span>
            </li>
            <li
              className="description"
            >
              <span>
                strength
              </span>
            </li>
            <li
              className={null}
              data-value={8}
              onClick={[Function]}
            >
              <a>
                8
              </a>
            </li>
            <li
              className={null}
              data-value={9}
              onClick={[Function]}
            >
              <a>
                9
              </a>
            </li>
            <li
              className={null}
              data-value={10}
              onClick={[Function]}
            >
              <a>
                10
              </a>
            </li>
            <li
              className={null}
              data-value={11}
              onClick={[Function]}
            >
              <a>
                11
              </a>
            </li>
            <li
              className="info"
              data-value={12}
              onClick={[Function]}
            >
              <a>
                12
              </a>
            </li>
            <li
              className={null}
              data-value={13}
              onClick={[Function]}
            >
              <a>
                13
              </a>
            </li>
            <li
              className={null}
              data-value={14}
              onClick={[Function]}
            >
              <a>
                14
              </a>
            </li>
            <li
              className={null}
              data-value={15}
              onClick={[Function]}
            >
              <a>
                15
              </a>
            </li>
          </ul>
        </div>
      </td>
      <td>
        <div
          className="bonus inline"
        >
          +
          3
        </div>
      </td>
      <td>
        12
      </td>
      <td>
        <div
          className="bonus inline"
        >
          -1
        </div>
      </td>
    </tr>
    <tr
      className="text-align-center"
    >
      <th>
        dexterity
      </th>
      <td>
        <div
          className="nice-dropdown nice-form-control"
        >
          <button
            className="nice-btn"
            onClick={[Function]}
          >
            12
            <i
              className="icon fa-angle-down"
            />
          </button>
          <ul
            className="dropdown-menu"
            onClick={[Function]}
          >
            <li
              className="heading"
            >
              <span>
                dexterity
              </span>
            </li>
            <li
              className="description"
            >
              <span>
                dexterity
              </span>
            </li>
            <li
              className={null}
              data-value={8}
              onClick={[Function]}
            >
              <a>
                8
              </a>
            </li>
            <li
              className={null}
              data-value={9}
              onClick={[Function]}
            >
              <a>
                9
              </a>
            </li>
            <li
              className={null}
              data-value={10}
              onClick={[Function]}
            >
              <a>
                10
              </a>
            </li>
            <li
              className={null}
              data-value={11}
              onClick={[Function]}
            >
              <a>
                11
              </a>
            </li>
            <li
              className="info"
              data-value={12}
              onClick={[Function]}
            >
              <a>
                12
              </a>
            </li>
            <li
              className={null}
              data-value={13}
              onClick={[Function]}
            >
              <a>
                13
              </a>
            </li>
            <li
              className={null}
              data-value={14}
              onClick={[Function]}
            >
              <a>
                14
              </a>
            </li>
            <li
              className={null}
              data-value={15}
              onClick={[Function]}
            >
              <a>
                15
              </a>
            </li>
          </ul>
        </div>
      </td>
      <td>
        <div
          className="bonus inline"
        >
          +
          3
        </div>
      </td>
      <td>
        12
      </td>
      <td>
        <div
          className="bonus inline"
        >
          -1
        </div>
      </td>
    </tr>
    <tr
      className="text-align-center"
    >
      <th>
        constitution
      </th>
      <td>
        <div
          className="nice-dropdown nice-form-control"
        >
          <button
            className="nice-btn"
            onClick={[Function]}
          >
            12
            <i
              className="icon fa-angle-down"
            />
          </button>
          <ul
            className="dropdown-menu"
            onClick={[Function]}
          >
            <li
              className="heading"
            >
              <span>
                constitution
              </span>
            </li>
            <li
              className="description"
            >
              <span>
                constitution
              </span>
            </li>
            <li
              className={null}
              data-value={8}
              onClick={[Function]}
            >
              <a>
                8
              </a>
            </li>
            <li
              className={null}
              data-value={9}
              onClick={[Function]}
            >
              <a>
                9
              </a>
            </li>
            <li
              className={null}
              data-value={10}
              onClick={[Function]}
            >
              <a>
                10
              </a>
            </li>
            <li
              className={null}
              data-value={11}
              onClick={[Function]}
            >
              <a>
                11
              </a>
            </li>
            <li
              className="info"
              data-value={12}
              onClick={[Function]}
            >
              <a>
                12
              </a>
            </li>
            <li
              className={null}
              data-value={13}
              onClick={[Function]}
            >
              <a>
                13
              </a>
            </li>
            <li
              className={null}
              data-value={14}
              onClick={[Function]}
            >
              <a>
                14
              </a>
            </li>
            <li
              className={null}
              data-value={15}
              onClick={[Function]}
            >
              <a>
                15
              </a>
            </li>
          </ul>
        </div>
      </td>
      <td>
        <div
          className="bonus inline"
        >
          +
          3
        </div>
      </td>
      <td>
        12
      </td>
      <td>
        <div
          className="bonus inline"
        >
          -1
        </div>
      </td>
    </tr>
    <tr
      className="text-align-center"
    >
      <th>
        intelligence
      </th>
      <td>
        <div
          className="nice-dropdown nice-form-control"
        >
          <button
            className="nice-btn"
            onClick={[Function]}
          >
            12
            <i
              className="icon fa-angle-down"
            />
          </button>
          <ul
            className="dropdown-menu"
            onClick={[Function]}
          >
            <li
              className="heading"
            >
              <span>
                intelligence
              </span>
            </li>
            <li
              className="description"
            >
              <span>
                intelligence
              </span>
            </li>
            <li
              className={null}
              data-value={8}
              onClick={[Function]}
            >
              <a>
                8
              </a>
            </li>
            <li
              className={null}
              data-value={9}
              onClick={[Function]}
            >
              <a>
                9
              </a>
            </li>
            <li
              className={null}
              data-value={10}
              onClick={[Function]}
            >
              <a>
                10
              </a>
            </li>
            <li
              className={null}
              data-value={11}
              onClick={[Function]}
            >
              <a>
                11
              </a>
            </li>
            <li
              className="info"
              data-value={12}
              onClick={[Function]}
            >
              <a>
                12
              </a>
            </li>
            <li
              className={null}
              data-value={13}
              onClick={[Function]}
            >
              <a>
                13
              </a>
            </li>
            <li
              className={null}
              data-value={14}
              onClick={[Function]}
            >
              <a>
                14
              </a>
            </li>
            <li
              className={null}
              data-value={15}
              onClick={[Function]}
            >
              <a>
                15
              </a>
            </li>
          </ul>
        </div>
      </td>
      <td>
        <div
          className="bonus inline"
        >
          +
          3
        </div>
      </td>
      <td>
        12
      </td>
      <td>
        <div
          className="bonus inline"
        >
          -1
        </div>
      </td>
    </tr>
    <tr
      className="text-align-center"
    >
      <th>
        wisdom
      </th>
      <td>
        <div
          className="nice-dropdown nice-form-control"
        >
          <button
            className="nice-btn"
            onClick={[Function]}
          >
            12
            <i
              className="icon fa-angle-down"
            />
          </button>
          <ul
            className="dropdown-menu"
            onClick={[Function]}
          >
            <li
              className="heading"
            >
              <span>
                wisdom
              </span>
            </li>
            <li
              className="description"
            >
              <span>
                wisdom
              </span>
            </li>
            <li
              className={null}
              data-value={8}
              onClick={[Function]}
            >
              <a>
                8
              </a>
            </li>
            <li
              className={null}
              data-value={9}
              onClick={[Function]}
            >
              <a>
                9
              </a>
            </li>
            <li
              className={null}
              data-value={10}
              onClick={[Function]}
            >
              <a>
                10
              </a>
            </li>
            <li
              className={null}
              data-value={11}
              onClick={[Function]}
            >
              <a>
                11
              </a>
            </li>
            <li
              className="info"
              data-value={12}
              onClick={[Function]}
            >
              <a>
                12
              </a>
            </li>
            <li
              className={null}
              data-value={13}
              onClick={[Function]}
            >
              <a>
                13
              </a>
            </li>
            <li
              className={null}
              data-value={14}
              onClick={[Function]}
            >
              <a>
                14
              </a>
            </li>
            <li
              className={null}
              data-value={15}
              onClick={[Function]}
            >
              <a>
                15
              </a>
            </li>
          </ul>
        </div>
      </td>
      <td>
        <div
          className="bonus inline"
        >
          +
          3
        </div>
      </td>
      <td>
        12
      </td>
      <td>
        <div
          className="bonus inline"
        >
          -1
        </div>
      </td>
    </tr>
    <tr
      className="text-align-center"
    >
      <th>
        charisma
      </th>
      <td>
        <div
          className="nice-dropdown nice-form-control"
        >
          <button
            className="nice-btn"
            onClick={[Function]}
          >
            12
            <i
              className="icon fa-angle-down"
            />
          </button>
          <ul
            className="dropdown-menu"
            onClick={[Function]}
          >
            <li
              className="heading"
            >
              <span>
                charisma
              </span>
            </li>
            <li
              className="description"
            >
              <span>
                charisma
              </span>
            </li>
            <li
              className={null}
              data-value={8}
              onClick={[Function]}
            >
              <a>
                8
              </a>
            </li>
            <li
              className={null}
              data-value={9}
              onClick={[Function]}
            >
              <a>
                9
              </a>
            </li>
            <li
              className={null}
              data-value={10}
              onClick={[Function]}
            >
              <a>
                10
              </a>
            </li>
            <li
              className={null}
              data-value={11}
              onClick={[Function]}
            >
              <a>
                11
              </a>
            </li>
            <li
              className="info"
              data-value={12}
              onClick={[Function]}
            >
              <a>
                12
              </a>
            </li>
            <li
              className={null}
              data-value={13}
              onClick={[Function]}
            >
              <a>
                13
              </a>
            </li>
            <li
              className={null}
              data-value={14}
              onClick={[Function]}
            >
              <a>
                14
              </a>
            </li>
            <li
              className={null}
              data-value={15}
              onClick={[Function]}
            >
              <a>
                15
              </a>
            </li>
          </ul>
        </div>
      </td>
      <td>
        <div
          className="bonus inline"
        >
          +
          3
        </div>
      </td>
      <td>
        12
      </td>
      <td>
        <div
          className="bonus inline"
        >
          -1
        </div>
      </td>
    </tr>
  </tbody>
</table>
`;
